export const snapshot = {};

snapshot[`DisclosureProvider > should render as 1`] = `"<div><div>test</div></div>"`;
