export const snapshot = {};

snapshot[`Switch > should render as 1`] = `'<button role="switch" aria-checked="true" tabindex="0">button</button>'`;
