export const snapshot = {};

snapshot[`WithDialogDescribe > should render as 1`] = `'<div id="atomic-ui-0-dialog-describe"></div>'`;
