export const snapshot = {};

snapshot[`WithAccordionPanel > should render as 1`] = `'<div aria-labelledby="header" id="panel">test1</div>'`;
