export const snapshot = {};

snapshot[`WithToolbarItem > should render as 1`] = `'<div role="toolbar"><button tabindex="0">1</button><button tabindex="-1">2</button></div>'`;
