export const snapshot = {};

snapshot[`WithDialogTitle > should render as 1`] = `'<h2 id="atomic-ui-0-alert-dialog-title"></h2>'`;
