export const snapshot = {};

snapshot[`WithDialogDescribe > should render as 1`] = `'<div role="alertdialog" aria-modal="true" aria-labelledby="atomic-ui-0-alert-dialog-title" aria-describedby="atomic-ui-0-alert-dialog-describe"><div id="atomic-ui-0-alert-dialog-describe"></div></div>'`;
